[flygaft.com/index.html]
[backblue.gif]
[fade.gif]
[index.html]
[flygaft.com/index-2.html]
[flygaft.com/concrete/js/jquerycbc8.js]
[cdnjs.cloudflare.com/ajax/libs/ScrollMagic/2.0.7/ScrollMagic.min.js]
[cdnjs.cloudflare.com/ajax/libs/ScrollMagic/2.0.7/plugins/debug.addIndicators.min.js]
[flygaft.com/market-challenge.html]
[flygaft.com/our-solution.html]
[flygaft.com/news-and-media.html]
[flygaft.com/about-us.html]
[flygaft.com/Vacancies.html]
[flygaft.com/contact.html]
[flygaft.com/application/files/cache/thumbnails/c49777cb19c7b3b2ef9a64c4c3a2d622.jpg]
[flygaft.com/application/files/7516/4493/3669/CO2.qt]
[flygaft.com/application/files/6016/4493/1016/water.qt]
[flygaft.com/application/files/2516/4493/1169/molens.qt]
[flygaft.com/application/files/9716/4493/0862/microben.qt]
[flygaft.com/contact0b43.html]
[flygaft.com/application/files/4016/4493/1264/vliegtuig.qt]
[flygaft.com/application/themes/stux/js/maincbc8.js]
[flygaft.com/concrete/js/features/navigation/frontendcbc8.js]
[flygaft.com/concrete/js/features/imagery/frontendcbc8.js]
[flygaft.com/index.html]
[flygaft.com/application/themes/stux/css/vendor/bootstrap/css/bootstrap.css]
[flygaft.com/application/themes/stux/img/vliegtuig.jpg]
[flygaft.com/application/themes/stux/dist/css/style.css]
[flygaft.com/index-2.html]
[flygaft.com/concrete/css/features/navigation/frontendcbc8.css]
[flygaft.com/application/blocks/home_intro/viewcbc8.css]
[flygaft.com/concrete/css/features/imagery/frontendcbc8.css]
[flygaft.com/application/themes/stux/img/gaft-logo-wit.svg]
[flygaft.com/application/themes/stux/img/gaft-logo.svg]
[flygaft.com/application/files/cache/thumbnails/b0254cee5c57e3321ed58dc91551b7dd.jpg]
[flygaft.com/application/files/cache/thumbnails/f38bbf58b01fb83d4491f2309d320400.png]
[flygaft.com/application/files/cache/thumbnails/e031c860c4d4ba1d5737de5019a9754b.png]
[flygaft.com/application/files/cache/thumbnails/6e5a81fc1e3c611db7d9b794e66c5572.png]
[flygaft.com/application/files/cache/thumbnails/c614af0d261edb5c82057e3fd6b9fb2d.png]
[flygaft.com/application/files/cache/thumbnails/a20a6ea8ce94cc5b3d157fde1b6f6ba2.jpg]
[flygaft.com/market-challenge.html]
[flygaft.com/application/files/cache/thumbnails/05f495216a80cb4cf6f19bcaec215b57.jpg]
[flygaft.com/application/files/5917/1930/6717/GAFTextendedwithsubt.mp4]
[flygaft.com/application/files/2816/4569/6765/nummer_1.png]
[flygaft.com/application/files/6716/4569/6765/nummer_2.png]
[flygaft.com/application/files/cache/thumbnails/bca3ec7e4cf13bbe8cc3c51cf6c512a9.png]
[flygaft.com/application/files/cache/thumbnails/c6f3cb8c94be583f50e0fbc2e11703bb.jpg]
[flygaft.com/application/files/cache/thumbnails/d488103eedbaadb84d0d87ecccb50b5e.jpg]
[flygaft.com/application/files/cache/thumbnails/0d2142c5bf99b4418624a477347f01f4.jpg]
[flygaft.com/application/files/cache/thumbnails/603695eb5adde116b813ef93a40e6395.png]
[flygaft.com/application/files/cache/thumbnails/4509a563ed01e1742b14604c82865823.png]
[flygaft.com/our-solution.html]
[flygaft.com/application/files/cache/thumbnails/322cd6d929d746e2847c1b7fbec9fff6.jpg]
[flygaft.com/application/files/cache/thumbnails/74ecbc6be400c1fa6ed0a3277b70b9c0.png]
[flygaft.com/news-and-media/gaft-and-cricket-one-emerge-top-winners.html]
[flygaft.com/news-and-media/gaft-secures-funding-innovative-projects-june-16-2024.html]
[flygaft.com/news-and-media/green-air-fuel-technology-gaft-has-been-awarded-grant-prestigious-eic-accelerator-program.html]
[flygaft.com/news-and-media/coval-energy-selected-one-final-10-participants-new-energy-challenge.html]
[flygaft.com/news-and-media.html]
[flygaft.com/application/files/cache/thumbnails/8ad7fe7ad0c740f8a8869eb8d284ca19.jpg]
[flygaft.com/application/files/cache/thumbnails/915a27ca268247d4480e20ca1923424a.jpg]
[flygaft.com/application/themes/stux/img/gaft-mask.png]
[flygaft.com/application/files/cache/thumbnails/8b0056f1e133a5bd3680a2d0b615a75e.jpg]
[flygaft.com/application/files/cache/thumbnails/85725a8f9cf520105d59b8a659827dab.jpg]
[flygaft.com/application/files/cache/thumbnails/cb324bd30917af2d8e358dbae94ff0e5.jpg]
[flygaft.com/application/files/cache/thumbnails/e260874ad8186222411072a2914f2ef2.jpg]
[flygaft.com/application/files/cache/thumbnails/3f3af9aadc9fe280f50fe6c28b3ed074.png]
[flygaft.com/application/files/cache/thumbnails/10c3c282d71068e0e36b63c18c98f8ff.png]
[flygaft.com/application/files/cache/thumbnails/707e0804dc9e074f2dd2db25dcbb6277.jpg]
[flygaft.com/application/files/cache/thumbnails/8efa18bc119f309a8356ff61c26fc213.jpg]
[flygaft.com/application/files/cache/thumbnails/0e6ceb48a185ff8ecfdb650bd597c836.jpg]
[flygaft.com/application/files/cache/thumbnails/47cdd4a29efe32c21541c5c9c4004966.jpg]
[flygaft.com/application/files/cache/thumbnails/cc899c77d158f27cbd7f8c16837d325b.jpg]
[flygaft.com/application/files/cache/thumbnails/8131ac755973cdcb79f56d22b01a82bd.jpg]
[flygaft.com/application/files/cache/thumbnails/7b70a2997f93667bbd173e9f2bb53e8b.jpg]
[flygaft.com/application/files/cache/thumbnails/ec2174219a00d76892bbd87b3536151a.jpg]
[flygaft.com/application/files/cache/thumbnails/fbc524427b6afb9451b9327ef9c2b5cb.jpg]
[flygaft.com/application/files/cache/thumbnails/dda6627f0b79ed6b57983ef45d907fb1.jpg]
[flygaft.com/application/files/cache/thumbnails/015a0eb3b0f290f86059e86f6597c23a.jpg]
[flygaft.com/application/files/cache/thumbnails/4451c6cf9c072636882f7bc9ff47fefa.jpg]
[flygaft.com/application/files/cache/thumbnails/e090bb87cefe2e1745ec0757c7bf81dc.jpg]
[flygaft.com/application/files/cache/thumbnails/8a9b1581c221f9a62b544f743750e6a3.jpg]
[flygaft.com/application/files/cache/thumbnails/96c0899614a07c00be4a88bb30a3ce25.jpg]
[flygaft.com/application/files/cache/thumbnails/6cdb00846d24ef364124ba7be88ac382.jpg]
[flygaft.com/application/files/cache/thumbnails/88599e4a28380619895e955dc0c6d97b.jpg]
[flygaft.com/application/files/4616/4847/2194/NEC1.png]
[flygaft.com/application/files/3017/2898/0117/livch.png]
[flygaft.com/application/files/4016/4329/7853/hangar-logo.png]
[flygaft.com/about-us.html]
[flygaft.com/application/files/cache/thumbnails/50d0a8b442758d7b83f1cfe87a6eeb8c.jpg]
[flygaft.com/Vacancies/Business-Developer-Clean-Tech-Start-up.html]
[flygaft.com/Vacancies.html]
[flygaft.com/application/files/cache/thumbnails/69edef03dcf335df6b2d583ff670728c.jpg]
[flygaft.com/contact.html]
[flygaft.com/contact9a7a.html]
[flygaft.com/contact0b43.html]
[flygaft.com/application/blocks/header_blok/viewcbc8.css]
[flygaft.com/application/blocks/tekst_en_afbeelding/viewcbc8.css]
[www.flygaft.com/application/files/cache/thumbnails/d15a84b7661392f13bc66130b04fdfa6.jpg]
[flygaft.com/news-and-media/gaft-and-cricket-one-emerge-top-winners.html]
[flygaft.com/news-and-media/gaft-secures-funding-innovative-projects-june-16-2024.html]
[flygaft.com/news-and-media/green-air-fuel-technology-gaft-has-been-awarded-grant-prestigious-eic-accelerator-program.html]
[flygaft.com/news-and-media/coval-energy-selected-one-final-10-participants-new-energy-challenge.html]
[flygaft.com/ccm/system/css/layout/9cbc8.css]
[flygaft.com/application/blocks/team_member/viewcbc8.css]
[flygaft.com/concrete/css/features/basics/frontendcbc8.css]
[flygaft.com/Vacancies/Business-Developer-Clean-Tech-Start-up.html]
[flygaft.com/contact9a7a.html]
